---
source: crates/claude-commander-tui/src/app/tests.rs
assertion_line: 11770
expression: terminal.backend()
---
" Sessions [Project]:                ┌ Preview · Info · Shell ──────────────────────────────────────────────────────────┐"
" Recent                             │                                                                                  │"
"     1 ● work-sess [work-br]        │                                                                                  │"
"  ────────────┌ Settings ──────────────────────────────────────────────────────────────────────────────┐               │"
" work-proj [ma│ General  Voice  Keybindings  Theme  Sections  Workspaces  Programs  Server             │               │"
"     1 ● work-│ ────────────────────────────────────────────────────────────────────────────────────── │               │"
"              │ Theme for                 Work                                                         │               │"
"              │ Reset to usual theme      customised                                                   │               │"
"              │ Preset                    (usual)                                                      │               │"
"              │ Appearance                (usual)                                                      │               │"
"              │ Border Focused            ██ #89b4fa  (usual)                                          │               │"
"              │ Border Unfocused          ██ #585b70  (usual)                                          │               │"
"              │ Selection BG              ██ #45475a  (usual)                                          │               │"
"              │ Status Running            ██ #a6e3a1  (usual)                                          │               │"
"              │ Status Stopped            ██ #9399b2  (usual)                                          │               │"
"              │ Status PR                 ██ #7ec699  (usual)                                          │               │"
"              │ Status PR Merged          ██ #8964b4  (usual)                                          │               │"
"              │ PR Open                   ██ #89b4fa  (usual)                                          │               │"
"              │ PR Draft                  ██ #9399b2  (usual)                                          │               │"
"              │ PR Closed                 ██ #f38ba8  (usual)                                          │               │"
"              │ Text Primary              ██ #f5f5fa  (usual)                                          │               │"
"              │ Text Secondary            ██ #a6adc8  (usual)                                          │               │"
"              │ Text Accent               ██ #aabbcc                                                   │               │"
"              │ Diff Added                ██ #a6e3a1  (usual)                                          │               │"
"              │ Diff Removed              ██ #f38ba8  (usual)                                          │               │"
"              │ Diff Hunk Header          ██ #cba6f7  (usual)                                          │               │"
"              │ Diff File Header          ██ #f9e2af  (usual)                                          │               │"
"              │ Modal Info                ██ #89b4fa  (usual)                                          │               │"
"              │ Modal Warning             ██ #f9e2af  (usual)                                          │               │"
"              │ Modal Error               ██ #f38ba8  (usual)                                          │               │"
"              │ Status Bar BG             ██ #313244  (usual)                                          │               │"
"              │ Status Bar FG             ██ #cdd6f4  (usual)                                          │               │"
"              │ Status Bar Accent         ██ #b4befe  (usual)                                          │               │"
"              │                                                                                        │               │"
"              │ Tab: switch tab  j/k: navigate  Enter: edit  Esc: close                                │               │"
"              └────────────────────────────────────────────────────────────────────────────────────────┘               │"
"                                    │                                                                                  │"
"                                    │                                                                                  │"
"                                    └──────────────────────────────────────────────────────────────────────────────────┘"
"  Work  │ Sessions: 1 │ [n]ew session │ s[t]acked │ [d]elete │ [r]eview │ [i]nfo │ edit [.] │ [N]ew project      ? help "
