---
source: crates/claude-commander-tui/src/app/tests.rs
assertion_line: 11744
expression: terminal.backend()
---
" Sessions [Project]:                ┌ Preview · Info · Shell ──────────────────────────────────────────────────────────┐"
" Recent                             │                                                                                  │"
"     1 ● work-┌ Settings ──────────────────────────────────────────────────────────────────────────────┐               │"
"  ────────────│ General  Voice  Keybindings  Theme  Sections  Workspaces  Programs  Server             │               │"
" work-proj [ma│ ────────────────────────────────────────────────────────────────────────────────────── │               │"
"     1 ● work-│ Text Accent  Work                                                                      │               │"
"              │                                                                                        │               │"
"              │ [··] ■■  ■■  ■■  ■■  ■■  ■■  ■■                                                        │               │"
"              │  ■■  ■■  ■■  ■■  ■■  ■■  ■■  ■■                                                        │               │"
"              │  ■■  ■■  ■■  ■■  ■■  ■■  ■■  ■■                                                        │               │"
"              │  ■■  ■■  ■■  ■■  ■■  ■■  ■■                                                            │               │"
"              │  Inherit (usual)                                                                       │               │"
"              │                                                                                        │               │"
"              │ Hex          #3366f▏                                                                   │               │"
"              │                                                                                        │               │"
"              │                                                                                        │               │"
"              │                                                                                        │               │"
"              │                                                                                        │               │"
"              │                                                                                        │               │"
"              │                                                                                        │               │"
"              │                                                                                        │               │"
"              │                                                                                        │               │"
"              │                                                                                        │               │"
"              │                                                                                        │               │"
"              │                                                                                        │               │"
"              │ Enter: save  type or paste #rrggbb  Tab: swatches  Esc: cancel                         │               │"
"              └────────────────────────────────────────────────────────────────────────────────────────┘               │"
"                                    │                                                                                  │"
"                                    └──────────────────────────────────────────────────────────────────────────────────┘"
"  Work  │ Sessions: 1 │ [n]ew session │ s[t]acked │ [d]elete │ [r]eview │ [i]nfo │ edit [.] │ [N]ew project      ? help "
